// Jest Snapshot v1, https://goo.gl/fbAQLP

exports[`Current renders without crashing 1`] = `
ShallowWrapper {
  "length": 1,
  Symbol(enzyme.__root__): [Circular],
  Symbol(enzyme.__unrendered__): <Current
    cords={Object {}}
    fetchForecast={[Function]}
    fetchUser={[Function]}
    fetchWeather={[Function]}
    mockClearFetch={[Function]}
    pendingFetch={[Function]}
    today={Array []}
    weather={Array []}
/>,
  Symbol(enzyme.__renderer__): Object {
    "batchedUpdates": [Function],
    "getNode": [Function],
    "render": [Function],
    "simulateEvent": [Function],
    "unmount": [Function],
  },
  Symbol(enzyme.__node__): Object {
    "instance": null,
    "key": undefined,
    "nodeType": "host",
    "props": Object {
      "children": <div
        className="current-weather"
>
        <Wrapper
                lat={undefined}
                lng={undefined}
        />
</div>,
      "className": "mt-5",
    },
    "ref": null,
    "rendered": Object {
      "instance": null,
      "key": undefined,
      "nodeType": "host",
      "props": Object {
        "children": Array [
          <Wrapper
            lat={undefined}
            lng={undefined}
/>,
          null,
          null,
        ],
        "className": "current-weather",
      },
      "ref": null,
      "rendered": Array [
        Object {
          "instance": null,
          "key": undefined,
          "nodeType": "class",
          "props": Object {
            "lat": undefined,
            "lng": undefined,
          },
          "ref": null,
          "rendered": null,
          "type": [Function],
        },
        null,
        null,
      ],
      "type": "div",
    },
    "type": "div",
  },
  Symbol(enzyme.__nodes__): Array [
    Object {
      "instance": null,
      "key": undefined,
      "nodeType": "host",
      "props": Object {
        "children": <div
          className="current-weather"
>
          <Wrapper
                    lat={undefined}
                    lng={undefined}
          />
</div>,
        "className": "mt-5",
      },
      "ref": null,
      "rendered": Object {
        "instance": null,
        "key": undefined,
        "nodeType": "host",
        "props": Object {
          "children": Array [
            <Wrapper
              lat={undefined}
              lng={undefined}
/>,
            null,
            null,
          ],
          "className": "current-weather",
        },
        "ref": null,
        "rendered": Array [
          Object {
            "instance": null,
            "key": undefined,
            "nodeType": "class",
            "props": Object {
              "lat": undefined,
              "lng": undefined,
            },
            "ref": null,
            "rendered": null,
            "type": [Function],
          },
          null,
          null,
        ],
        "type": "div",
      },
      "type": "div",
    },
  ],
  Symbol(enzyme.__options__): Object {
    "adapter": ReactSixteenAdapter {
      "options": Object {
        "enableComponentDidUpdateOnSetState": true,
      },
    },
  },
}
`;
