// Jest Snapshot v1, https://goo.gl/fbAQLP

exports[`MapContainer renders without crashing 1`] = `
ShallowWrapper {
  "length": 1,
  Symbol(enzyme.__root__): [Circular],
  Symbol(enzyme.__unrendered__): <MapContainer
    lat={51}
    lng={16}
/>,
  Symbol(enzyme.__renderer__): Object {
    "batchedUpdates": [Function],
    "getNode": [Function],
    "render": [Function],
    "simulateEvent": [Function],
    "unmount": [Function],
  },
  Symbol(enzyme.__node__): Object {
    "instance": null,
    "key": undefined,
    "nodeType": "host",
    "props": Object {
      "children": <Map
        center={
                Object {
                        "lat": 51,
                        "lng": 16,
                      }
        }
        centerAroundCurrentLocation={false}
        containerStyle={Object {}}
        google={undefined}
        initialCenter={
                Object {
                        "lat": 37.774929,
                        "lng": -122.419416,
                      }
        }
        style={
                Object {
                        "height": "100%",
                        "position": "relative",
                        "width": "100%",
                      }
        }
        visible={true}
        zoom={13}
>
        <Marker
                name="Current location"
                position={
                        Object {
                                "lat": 51,
                                "lng": 16,
                              }
                }
        />
</Map>,
      "style": Object {
        "height": "200px",
        "position": "relative",
        "width": "100%",
      },
    },
    "ref": null,
    "rendered": Object {
      "instance": null,
      "key": undefined,
      "nodeType": "class",
      "props": Object {
        "center": Object {
          "lat": 51,
          "lng": 16,
        },
        "centerAroundCurrentLocation": false,
        "children": <Marker
          name="Current location"
          position={
                    Object {
                              "lat": 51,
                              "lng": 16,
                            }
          }
/>,
        "containerStyle": Object {},
        "google": undefined,
        "initialCenter": Object {
          "lat": 37.774929,
          "lng": -122.419416,
        },
        "style": Object {
          "height": "100%",
          "position": "relative",
          "width": "100%",
        },
        "visible": true,
        "zoom": 13,
      },
      "ref": null,
      "rendered": Object {
        "instance": null,
        "key": undefined,
        "nodeType": "class",
        "props": Object {
          "name": "Current location",
          "position": Object {
            "lat": 51,
            "lng": 16,
          },
        },
        "ref": null,
        "rendered": null,
        "type": [Function],
      },
      "type": [Function],
    },
    "type": "div",
  },
  Symbol(enzyme.__nodes__): Array [
    Object {
      "instance": null,
      "key": undefined,
      "nodeType": "host",
      "props": Object {
        "children": <Map
          center={
                    Object {
                              "lat": 51,
                              "lng": 16,
                            }
          }
          centerAroundCurrentLocation={false}
          containerStyle={Object {}}
          google={undefined}
          initialCenter={
                    Object {
                              "lat": 37.774929,
                              "lng": -122.419416,
                            }
          }
          style={
                    Object {
                              "height": "100%",
                              "position": "relative",
                              "width": "100%",
                            }
          }
          visible={true}
          zoom={13}
>
          <Marker
                    name="Current location"
                    position={
                              Object {
                                        "lat": 51,
                                        "lng": 16,
                                      }
                    }
          />
</Map>,
        "style": Object {
          "height": "200px",
          "position": "relative",
          "width": "100%",
        },
      },
      "ref": null,
      "rendered": Object {
        "instance": null,
        "key": undefined,
        "nodeType": "class",
        "props": Object {
          "center": Object {
            "lat": 51,
            "lng": 16,
          },
          "centerAroundCurrentLocation": false,
          "children": <Marker
            name="Current location"
            position={
                        Object {
                                    "lat": 51,
                                    "lng": 16,
                                  }
            }
/>,
          "containerStyle": Object {},
          "google": undefined,
          "initialCenter": Object {
            "lat": 37.774929,
            "lng": -122.419416,
          },
          "style": Object {
            "height": "100%",
            "position": "relative",
            "width": "100%",
          },
          "visible": true,
          "zoom": 13,
        },
        "ref": null,
        "rendered": Object {
          "instance": null,
          "key": undefined,
          "nodeType": "class",
          "props": Object {
            "name": "Current location",
            "position": Object {
              "lat": 51,
              "lng": 16,
            },
          },
          "ref": null,
          "rendered": null,
          "type": [Function],
        },
        "type": [Function],
      },
      "type": "div",
    },
  ],
  Symbol(enzyme.__options__): Object {
    "adapter": ReactSixteenAdapter {
      "options": Object {
        "enableComponentDidUpdateOnSetState": true,
      },
    },
  },
}
`;
